[spilfloors.ru/index.html]
[backblue.gif]
[fade.gif]
[index.html]
[spilfloors.ru/wp-content/plugins/instagram-feed/css/sbi-styles.min21bb.css]
[spilfloors.ru/wp-includes/css/dist/block-library/style.min7661.css]
[spilfloors.ru/wp-content/plugins/contact-form-7/includes/css/stylesb62d.css]
[spilfloors.ru/feed/index.html]
[use.fontawesome.com/releases/v5.2.0/css/all7661.css]
[spilfloors.ru/wp-content/themes/spilfloors/css/fonts7661.css]
[spilfloors.ru/wp-content/themes/spilfloors/style7661.css]
[spilfloors.ru/comments/feed/index.html]
[spilfloors.ru/wp-content/themes/spilfloors/css/responsive7661.css]
[cdnjs.cloudflare.com/ajax/libs/font-awesome/4.7.0/css/font-awesome.min7661.css]
[spilfloors.ru/wp-content/plugins/easy-fancybox/css/jquery.fancybox.min4271.css]
[spilfloors.ru/xmlrpc0db0.php]
[spilfloors.ru/wp-includes/wlwmanifest.xml]
[spilfloors.ru/wp-json/index.html]
[spilfloors.ru/wp-json/oembed/1.0/embed1d81.json]
[spilfloors.ru/wp-json/oembed/1.0/embedac95]
[spilfloors.ru/wp-content/uploads/cropped-favicon-32x32.png]
[spilfloors.ru/wp-content/uploads/cropped-favicon-192x192.png]
[spilfloors.ru/wp-content/uploads/cropped-favicon-180x180.png]
[spilfloors.ru/wp-content/plugins/smart-slider-3/nextend/media/dist/n2.min33f1.js]
[spilfloors.ru/wp-content/plugins/smart-slider-3/nextend/media/dist/nextend-frontend.min33f1.js]
[spilfloors.ru/wp-content/plugins/smart-slider-3/library/media/dist/smartslider-frontend.min19d5.js]
[spilfloors.ru/wp-content/plugins/smart-slider-3/library/media/plugins/type/simple/simple/dist/smartslider-simple-type-frontend.min19d5.js]
[spilfloors.ru/wp-content/uploads/cropped-spil-logo.png]
[spilfloors.ru/SPILFLOORS_price.pdf]
[spilfloors.ru/wp-content/themes/spilfloors/images/logo_mobile.png]
[spilfloors.ru/wp-content/uploads/montazhnaya-oblast-3-100-scaled.jpg]
[spilfloors.ru/wp-content/uploads/baner_spil.gif]
[spilfloors.ru/kto-my/index.html]
[spilfloors.ru/kontaktnaya-informacziya/index.html]
[spilfloors.ru/wp-content/uploads/baner_spil2.gif]
[spilfloors.ru/category/stati/index.html]
[spilfloors.ru/wp-content/uploads/baner_spil3.gif]
[spilfloors.ru/wp-content/uploads/proizv-3.jpg]
[spilfloors.ru/proekty/index.html]
[spilfloors.ru/wp-content/uploads/garantiyaya.png]
[spilfloors.ru/wp-content/uploads/sklad-3.jpg]
[spilfloors.ru/wp-content/uploads/4.1.jpg]
[spilfloors.ru/partnyoram/index.html]
[spilfloors.ru/wp-content/uploads/a1_16h155_m.png]
[spilfloors.ru/wp-content/uploads/a2_16h155_m.png]
[spilfloors.ru/wp-content/uploads/a3_m.jpg.png]
[spilfloors.ru/wp-content/uploads/a4_15h155_m.png]
[spilfloors.ru/wp-content/uploads/a5_19h240_m.png]
[spilfloors.ru/termoderevo/index.html]
[spilfloors.ru/wp-content/uploads/a6_19h240_m-1.jpg]
[spilfloors.ru/wp-content/uploads/a7_12h100_m-1.jpg]
[spilfloors.ru/wp-content/uploads/a8_12h100_m.jpg]
[spilfloors.ru/wp-content/uploads/a9_15h130_m.jpg]
[spilfloors.ru/wp-content/uploads/a10_15h130_m.jpg]
[spilfloors.ru/orex/index.html]
[spilfloors.ru/wp-content/uploads/a11_16h180_m.jpg]
[spilfloors.ru/wp-content/uploads/a12_15h180_m.jpg]
[spilfloors.ru/wp-content/uploads/a13_21h280_m.jpg]
[spilfloors.ru/wp-content/uploads/a14_21h280_m.jpg]
[spilfloors.ru/wp-content/uploads/a15_16h185_m.jpg]
[spilfloors.ru/wp-content/uploads/a16_16h185_m.jpg]
[spilfloors.ru/wp-content/uploads/a17_15h120h600m.jpg]
[spilfloors.ru/wp-content/uploads/a18_15h120h600m.jpg]
[spilfloors.ru/wp-content/uploads/a19_15h100h600m.jpg]
[spilfloors.ru/wp-content/uploads/a20_15h100h600m.jpg]
[spilfloors.ru/wp-content/uploads/vadim-piter-s15h180_2.png]
[spilfloors.ru/wp-content/uploads/4.3.jpg]
[spilfloors.ru/wp-content/uploads/4.4.jpg]
[spilfloors.ru/wp-content/uploads/4.5.jpg]
[spilfloors.ru/wp-content/uploads/4.6.jpg]
[spilfloors.ru/wp-content/uploads/4.7.jpg]
[spilfloors.ru/wp-content/uploads/1.1.jpg]
[spilfloors.ru/wp-content/uploads/1.2.jpg]
[spilfloors.ru/wp-content/uploads/1.3.jpg]
[spilfloors.ru/wp-content/uploads/1.4.jpg]
[spilfloors.ru/wp-content/uploads/1.5.jpg]
[spilfloors.ru/wp-content/uploads/1.6.jpg]
[spilfloors.ru/wp-content/uploads/1.7.jpg]
[spilfloors.ru/wp-content/uploads/2.1.jpg]
[spilfloors.ru/wp-content/uploads/2.2.jpg]
[spilfloors.ru/wp-content/uploads/2.3.jpg]
[spilfloors.ru/wp-content/uploads/2.4.jpg]
[spilfloors.ru/wp-content/uploads/2.5.jpg]
[spilfloors.ru/wp-content/uploads/2.6.jpg]
[spilfloors.ru/wp-content/uploads/2.7.jpg]
[spilfloors.ru/wp-content/uploads/7.1.jpg]
[spilfloors.ru/wp-content/uploads/7.2.jpg]
[spilfloors.ru/wp-content/uploads/7.3.jpg]
[spilfloors.ru/wp-content/uploads/7.4.jpg]
[spilfloors.ru/wp-content/uploads/7.5.jpg]
[spilfloors.ru/wp-content/uploads/7.6.jpg]
[spilfloors.ru/wp-content/uploads/7.7.jpg]
[spilfloors.ru/wp-content/uploads/vadim-15h180.png]
[spilfloors.ru/wp-content/uploads/vukolov-trh-pr16h185_1.jpg]
[spilfloors.ru/wp-content/uploads/dzhiprostr-rl16h180_1.png]
[spilfloors.ru/wp-content/uploads/evrotrend-n15h130_2.png]
[spilfloors.ru/wp-content/uploads/ibyshev-15h130-rl.png]
[spilfloors.ru/wp-content/uploads/terra-prajm-19h240_2.png]
[spilfloors.ru/wp-content/uploads/8.1.jpg]
[spilfloors.ru/wp-content/uploads/paluba-7.png]
[spilfloors.ru/wp-content/uploads/angl.png]
[spilfloors.ru/wp-content/uploads/fran-2.png]
[spilfloors.ru/wp-content/uploads/selekt3.png]
[spilfloors.ru/wp-content/uploads/natur3.png]
[spilfloors.ru/wp-content/uploads/rustik3.png]
[spilfloors.ru/wp-content/uploads/trehslojka2-1024x576-1.png]
[spilfloors.ru/wp-content/uploads/trehslojka3_montazhnaya-oblast-1-1-1024x192-1.png]
[spilfloors.ru/wp-content/uploads/dvuhslojka2-1024x576-6.png]
[spilfloors.ru/wp-content/uploads/dvuhslojka3_montazhnaya-oblast-1-1-1024x192-6.png]
[spilfloors.ru/wp-content/uploads/wood-dub-1.jpg]
[spilfloors.ru/wp-content/plugins/instagram-feed/img/placeholder.png]
[spilfloors.ru/wp-content/uploads/dub-texture.jpg]
[spilfloors.ru/wp-content/uploads/dub-texture-3-1.jpg]
[spilfloors.ru/wp-content/uploads/dub-texture-2-2.jpg]
[spilfloors.ru/wp-content/uploads/dub-texture-2-3.jpg]
[spilfloors.ru/wp-content/uploads/dub-texture-31.jpg]
[spilfloors.ru/wp-content/uploads/dub-texture-4-2.jpg]
[widgets.mango-office.ru/widgets/mango.js]
[spilfloors.ru/wp-content/uploads/slide-1.jpg]
[spilfloors.ru/wp-content/uploads/1270h549_2_19.jpg]
[spilfloors.ru/wp-includes/js/jquery/jquery4a5f.js]
[spilfloors.ru/politica/index.html]
[spilfloors.ru/wp-includes/js/jquery/jquery-migrate.min330a.js]
[spilfloors.ru/wp-includes/js/wp-embed.min7661.js]
[spilfloors.ru/wp-content/plugins/contact-form-7/includes/js/scriptsb62d.js]
[spilfloors.ru/wp-content/plugins/easy-fancybox/js/jquery.fancybox.min4271.js]
[spilfloors.ru/wp-content/plugins/easy-fancybox/js/jquery.easing.min330a.js]
[spilfloors.ru/wp-content/themes/spilfloors/js/custom3bf9.js]
[spilfloors.ru/index.html]
[spilfloors.ru/xmlrpc.php]
[spilfloors.ru/wp-content/plugins/instagram-feed/js/sbi-scripts.min21bb.js]
[spilfloors.ru/wp-content/plugins/instagram-feed/img/small-logo.png]
[spilfloors.ru/wp-content/plugins/instagram-feed/css/sbi-styles.min21bb.css]
[spilfloors.ru/wp-includes/css/dist/block-library/style.min7661.css]
[spilfloors.ru/wp-content/plugins/contact-form-7/images/ajax-loader.gif]
[spilfloors.ru/wp-content/plugins/contact-form-7/includes/css/stylesb62d.css]
[use.fontawesome.com/releases/v5.2.0/css/all7661.css]
[spilfloors.ru/wp-content/themes/spilfloors/fonts/HelveticaNeue.eot]
[spilfloors.ru/wp-content/themes/spilfloors/fonts/HelveticaNeue86d7.eot]
[spilfloors.ru/wp-content/themes/spilfloors/fonts/HelveticaNeue.woff]
[spilfloors.ru/wp-content/themes/spilfloors/fonts/HelveticaNeue.ttf]
[spilfloors.ru/wp-content/themes/spilfloors/fonts/HelveticaNeue.svg]
[spilfloors.ru/wp-content/themes/spilfloors/fonts/HelveticaNeue-Bold.eot]
[spilfloors.ru/wp-content/themes/spilfloors/fonts/HelveticaNeue-Bold86d7.eot]
[spilfloors.ru/wp-content/themes/spilfloors/fonts/HelveticaNeue-Bold.woff]
[spilfloors.ru/wp-content/themes/spilfloors/fonts/HelveticaNeue-Bold.ttf]
[spilfloors.ru/wp-content/themes/spilfloors/fonts/HelveticaNeue-Bold.svg]
[spilfloors.ru/wp-content/themes/spilfloors/fonts/HelveticaNeue-Light.eot]
[spilfloors.ru/wp-content/themes/spilfloors/fonts/HelveticaNeue-Light86d7.eot]
[spilfloors.ru/wp-content/themes/spilfloors/fonts/HelveticaNeue-Light.woff]
[spilfloors.ru/wp-content/themes/spilfloors/fonts/HelveticaNeue-Light.ttf]
[spilfloors.ru/wp-content/themes/spilfloors/fonts/HelveticaNeue-Light.svg]
[spilfloors.ru/wp-content/themes/spilfloors/fonts/HelveticaNeue-Medium.eot]
[spilfloors.ru/wp-content/themes/spilfloors/fonts/HelveticaNeue-Medium86d7.eot]
[spilfloors.ru/wp-content/themes/spilfloors/fonts/HelveticaNeue-Medium.woff]
[spilfloors.ru/wp-content/themes/spilfloors/fonts/HelveticaNeue-Medium.ttf]
[spilfloors.ru/wp-content/themes/spilfloors/fonts/HelveticaNeue-Medium.svg]
[spilfloors.ru/wp-content/themes/spilfloors/fonts/HelveticaNeue-Thin.eot]
[spilfloors.ru/wp-content/themes/spilfloors/fonts/HelveticaNeue-Thin86d7.eot]
[spilfloors.ru/wp-content/themes/spilfloors/fonts/HelveticaNeue-Thin.woff]
[spilfloors.ru/wp-content/themes/spilfloors/fonts/HelveticaNeue-Thin.ttf]
[spilfloors.ru/wp-content/themes/spilfloors/fonts/HelveticaNeue-Thin.svg]
[spilfloors.ru/wp-content/themes/spilfloors/fonts/HelveticaNeue-UltraLight.eot]
[spilfloors.ru/wp-content/themes/spilfloors/fonts/HelveticaNeue-UltraLight86d7.eot]
[spilfloors.ru/wp-content/themes/spilfloors/fonts/HelveticaNeue-UltraLight.woff]
[spilfloors.ru/wp-content/themes/spilfloors/fonts/HelveticaNeue-UltraLight.ttf]
[spilfloors.ru/wp-content/themes/spilfloors/css/fonts7661.css]
[spilfloors.ru/wp-content/themes/spilfloors/fonts/HelveticaNeue-UltraLight.svg]
[spilfloors.ru/wp-content/uploads/dub-form-bg.jpg]
[spilfloors.ru/wp-content/uploads/yasen-form-bg.jpg]
[spilfloors.ru/wp-content/uploads/term-form-bg.jpg]
[spilfloors.ru/wp-content/themes/spilfloors/style7661.css]
[spilfloors.ru/wp-content/themes/spilfloors/editor-style7661.css]
[spilfloors.ru/wp-content/themes/spilfloors/images/instagram-icon-white.png]
[spilfloors.ru/wp-content/themes/spilfloors/css/responsive7661.css]
[cdnjs.cloudflare.com/ajax/libs/font-awesome/4.7.0/css/font-awesome.min7661.css]
[spilfloors.ru/wp-content/plugins/easy-fancybox/images/fancybox.png]
[spilfloors.ru/wp-content/plugins/easy-fancybox/images/fancybox-x.png]
[spilfloors.ru/wp-content/plugins/easy-fancybox/css/jquery.fancybox.min4271.css]
[www.googletagmanager.com/gtm5445.html]
[spilfloors.ru/wp-json/oembed/1.0/embed844b.json]
[spilfloors.ru/wp-json/oembed/1.0/embed3cd8]
[spilfloors.ru/wp-content/uploads/img_4616.png]
[spilfloors.ru/wp-content/uploads/dub-texture-33.jpg]
[spilfloors.ru/wp-content/uploads/dub-texture-3-3.jpg]
[spilfloors.ru/kto-my/index.html]
[spilfloors.ru/wp-json/oembed/1.0/embedd4c4.json]
[spilfloors.ru/wp-json/oembed/1.0/embed5344]
[spilfloors.ru/wp-content/uploads/screenshot_18-1024x526.jpg]
[spilfloors.ru/wp-content/uploads/screenshot_19-1024x525.jpg]
[spilfloors.ru/kontaktnaya-informacziya/index.html]
[spilfloors.ru/wp-content/uploads/screenshot_20.jpg]
[spilfloors.ru/category/stati/index.html]
[spilfloors.ru/category/stati/feed/index.html]
[spilfloors.ru/category/stati/page/2/index.html]
[spilfloors.ru/wp-json/oembed/1.0/embed3e3f.json]
[spilfloors.ru/vidy-derevyannyh-napolnyh-pokrytij/index.html]
[spilfloors.ru/chem-otlichaetsya-inzhenernaya-doska-ot-parketnoj-doski/index.html]
[spilfloors.ru/sposoby-ukladki-inzhenernoj-doski-pola/index.html]
[spilfloors.ru/wp-json/oembed/1.0/embed8152]
[spilfloors.ru/wp-content/uploads/slide-1-1024x376.jpg]
[spilfloors.ru/wp-content/uploads/news.jpg]
[spilfloors.ru/wp-content/uploads/1270h549_2_19-1024x443.jpg]
[spilfloors.ru/wp-content/uploads/1270h549_1_13.jpg]
[spilfloors.ru/wp-content/uploads/1270h549_1_13-1024x443.jpg]
[spilfloors.ru/wp-content/uploads/p70812-122151-e1593179806575.jpg]
[spilfloors.ru/wp-content/uploads/p70812-122216.jpg]
[spilfloors.ru/wp-content/uploads/p70812-122156.jpg]
[spilfloors.ru/wp-content/uploads/p70812-122323-e1593179835390.jpg]
[spilfloors.ru/wp-content/uploads/kuhnya-4-e1593419608625.jpg]
[spilfloors.ru/wp-content/uploads/kuhnya-4-e1593419608625-1024x1024.jpg]
[spilfloors.ru/wp-content/uploads/kuhnya-3-e1593420155905.jpg]
[spilfloors.ru/wp-content/uploads/kuhnya-3-e1593420155905-1024x1024.jpg]
[spilfloors.ru/wp-content/uploads/spalnya1-2-e1593419587439.jpg]
[spilfloors.ru/wp-content/uploads/spalnya1-2-e1593419587439-1024x1024.jpg]
[spilfloors.ru/wp-content/uploads/kuhnya-2-e1593419556758-1024x1024.jpg]
[spilfloors.ru/proekty/index.html]
[spilfloors.ru/wp-json/oembed/1.0/embede1db.json]
[spilfloors.ru/wp-json/oembed/1.0/embed59eb]
[spilfloors.ru/partnyoram/index.html]
[spilfloors.ru/wp-json/oembed/1.0/embed474b.json]
[spilfloors.ru/wp-json/oembed/1.0/embedbc1a]
[spilfloors.ru/wp-content/uploads/44d36bfc784a790851371c5162559bd4.jpg]
[spilfloors.ru/wp-content/uploads/westwood.jpg]
[spilfloors.ru/wp-content/uploads/termotype-1.png]
[spilfloors.ru/wp-content/uploads/paluba-8.png]
[spilfloors.ru/wp-content/uploads/velvet.png]
[spilfloors.ru/wp-content/uploads/termotype-2.png]
[spilfloors.ru/wp-content/uploads/paluba-9.png]
[spilfloors.ru/wp-content/uploads/skoshennyj.png]
[spilfloors.ru/wp-content/uploads/termotype-3.png]
[spilfloors.ru/wp-content/uploads/mpd-1.png]
[spilfloors.ru/wp-content/uploads/yasen.jpg]
[spilfloors.ru/wp-content/uploads/pihta.jpg]
[spilfloors.ru/wp-content/uploads/pihta_1_min-1.jpg]
[spilfloors.ru/wp-content/uploads/pihta_2_min-1.jpg]
[spilfloors.ru/wp-content/uploads/pihta_3_min-1.jpg]
[spilfloors.ru/wp-content/uploads/pihta_4_min-1.jpg]
[spilfloors.ru/wp-content/uploads/pihta_5_min-1.jpg]
[spilfloors.ru/wp-content/uploads/pihta_6_min-1.jpg]
[spilfloors.ru/wp-content/uploads/pihta_7_min-1.jpg]
[spilfloors.ru/wp-content/uploads/h3_000_1.png]
[spilfloors.ru/wp-content/uploads/1.png]
[spilfloors.ru/wp-content/uploads/2.png]
[spilfloors.ru/wp-content/uploads/3.png]
[spilfloors.ru/wp-content/uploads/4.png]
[spilfloors.ru/wp-content/uploads/5.png]
[spilfloors.ru/wp-content/uploads/6.png]
[spilfloors.ru/wp-content/uploads/7.png]
[spilfloors.ru/wp-content/uploads/9.8.jpg]
[spilfloors.ru/wp-content/uploads/9.1.jpg]
[spilfloors.ru/wp-content/uploads/9.5.jpg]
[spilfloors.ru/wp-content/uploads/9.4.jpg]
[spilfloors.ru/wp-content/uploads/molokanova_1.jpg]
[spilfloors.ru/wp-content/uploads/9.2.jpg]
[spilfloors.ru/wp-content/uploads/evrokrm-termo-20h100_3.png]
[spilfloors.ru/wp-content/uploads/ccb6298e33ac32a5aacf59b5feffcecf-e1594881404645.jpg]
[spilfloors.ru/termoderevo/index.html]
[spilfloors.ru/wp-json/oembed/1.0/embeda573.json]
[spilfloors.ru/wp-json/oembed/1.0/embede83c]
[spilfloors.ru/wp-content/uploads/foto_meister_ps_400.jpg]
[spilfloors.ru/wp-content/uploads/10.4.jpg]
[spilfloors.ru/wp-content/uploads/10.1.jpg]
[spilfloors.ru/wp-content/uploads/10.5.jpg]
[spilfloors.ru/wp-content/uploads/10.3.jpg]
[spilfloors.ru/wp-content/uploads/10.6.jpg]
[spilfloors.ru/wp-content/uploads/10.2.jpg]
[spilfloors.ru/wp-content/uploads/10.7.jpg]
[spilfloors.ru/wp-content/uploads/oreh_s-1.jpg]
[spilfloors.ru/wp-content/uploads/oreh_n-1.jpg]
[spilfloors.ru/wp-content/uploads/oreh_r-1.jpg]
[spilfloors.ru/wp-content/uploads/ore1h.png]
[spilfloors.ru/wp-content/uploads/dvuhslojka3_montazhnaya-oblast-1-1-1024x192-7.png]
[spilfloors.ru/orex/index.html]
[spilfloors.ru/wp-json/oembed/1.0/embed8694.json]
[spilfloors.ru/wp-json/oembed/1.0/embed9d79]
[spilfloors.ru/politica/index.html]
[spilfloors.ru/wp-content/themes/spilfloors/fonts/HelveticaNeue.svg]
[spilfloors.ru/wp-content/themes/spilfloors/fonts/HelveticaNeue-Bold.svg]
[spilfloors.ru/wp-content/themes/spilfloors/fonts/HelveticaNeue-Light.svg]
[spilfloors.ru/wp-content/themes/spilfloors/fonts/HelveticaNeue-Medium.svg]
[spilfloors.ru/wp-content/themes/spilfloors/fonts/HelveticaNeue-Thin.svg]
[spilfloors.ru/wp-content/themes/spilfloors/fonts/HelveticaNeue-UltraLight.svg]
[spilfloors.ru/wp-content/themes/spilfloors/images/errorAlertArrow.svg]
[spilfloors.ru/wp-content/themes/spilfloors/images/calc_left_block_arrow.svg]
[spilfloors.ru/wp-content/themes/spilfloors/images/phone_big_call.svg]
[spilfloors.ru/index2610.html]
[spilfloors.ru/indexc547.html]
[spilfloors.ru/category/stati/page/2/index.html]
[spilfloors.ru/wp-json/oembed/1.0/embedd142.json]
[spilfloors.ru/chto-takoe-ingenernaia-doska-pola/index.html]
[spilfloors.ru/vidy-derevyannyh-napolnyh-pokrytij/feed/index.html]
[spilfloors.ru/wp-json/oembed/1.0/embed8461]
[spilfloors.ru/wp-content/uploads/construct-dub-1.jpg]
[spilfloors.ru/wp-content/uploads/construct-dub-2.jpg]
[spilfloors.ru/vidy-derevyannyh-napolnyh-pokrytij/index.html]
[spilfloors.ru/wp-includes/js/comment-reply.min7661.js]
[spilfloors.ru/wp-json/oembed/1.0/embed507f.json]
[spilfloors.ru/chem-otlichaetsya-inzhenernaya-doska-ot-parketnoj-doski/feed/index.html]
[spilfloors.ru/wp-json/oembed/1.0/embed8326]
[spilfloors.ru/chem-otlichaetsya-inzhenernaya-doska-ot-parketnoj-doski/index.html]
[spilfloors.ru/wp-json/oembed/1.0/embed3c9d.json]
[spilfloors.ru/sposoby-ukladki-inzhenernoj-doski-pola/feed/index.html]
[spilfloors.ru/wp-json/oembed/1.0/embed9df0]
[spilfloors.ru/sposoby-ukladki-inzhenernoj-doski-pola/index.html]
[spilfloors.ru/index7896.html]
[spilfloors.ru/index40a0.html]
[spilfloors.ru/index6c46.html]
[spilfloors.ru/index5643.html]
[spilfloors.ru/index9430.html]
[spilfloors.ru/wp-json/oembed/1.0/embed2ee4.json]
[spilfloors.ru/chto-takoe-ingenernaia-doska-pola/feed/index.html]
[spilfloors.ru/wp-json/oembed/1.0/embed644a]
[spilfloors.ru/chto-takoe-ingenernaia-doska-pola/index.html]
[spilfloors.ru/wp-content/uploads/dvuhslojka1-1-1024x576.png]
[spilfloors.ru/indexd072.html]
[spilfloors.ru/index8d1b.html]
[spilfloors.ru/index7eba.html]
[spilfloors.ru/index5fb3.html]
